// Jest Snapshot v1, https://goo.gl/fbAQLP

exports[`CloseIcon renders CloseIcon component 1`] = `
<DocumentFragment>
  <svg
    data-testid="close-icon"
    fill="none"
    height="24"
    viewBox="0 0 24 24"
    width="24"
    xmlns="http://www.w3.org/2000/svg"
  >
    <path
      d="M6 18L18 6M6 6L18 18"
      stroke="#7786D2"
      stroke-linecap="round"
      stroke-linejoin="round"
      stroke-width="2"
    />
  </svg>
</DocumentFragment>
`;
